<html>
<body>
<pre>
<h1>�Vision Build Log</h1>
<h2>Tool Versions:</h2>
IDE-Version: ��Vision V5.14.0.0
Copyright (C) 2015 ARM Ltd and ARM Germany GmbH. All rights reserved.
License Information: xxx 2377575304@qq.com, x, LIC=KRMW3-ANTYH-JJW6S-LN23P-GL924-MVCSE
 
Tool Versions:
Toolchain:       MDK-ARM Standard  Version: 5.14.0.0
Toolchain Path:  C:\USER\workspace\KEIL\Keil_v5\ARM\ARMCC\Bin
C Compiler:      Armcc.exe V5.05 update 1 (build 106)
Assembler:       Armasm.exe V5.05 update 1 (build 106)
Linker/Locator:  ArmLink.exe V5.05 update 1 (build 106)
Library Manager: ArmAr.exe V5.05 update 1 (build 106)
Hex Converter:   FromElf.exe V5.05 update 1 (build 106)
CPU DLL:         SARMCM3.DLL V5.14.0.0
Dialog DLL:      DCM.DLL V1.13.1.0
Target DLL:      STLink\ST-LINKIII-KEIL_SWO.dll V2.0.14.0_KEIL
Dialog DLL:      TCM.DLL V1.14.4.0
 
<h2>Project:</h2>
C:\Users\23775\Desktop\course design\lora\MDK-ARM\oled_template.uvprojx
Project File Date:  04/12/2025

<h2>Output:</h2>
Build target 'oled_template'
compiling main.c...
../MDK-ARM/dxlora.h(7): warning:  #1295-D: Deprecated declaration DXLORA_Init - give arg types
  void DXLORA_Init();
../MDK-ARM/dxlora.h(8): warning:  #1295-D: Deprecated declaration senddata - give arg types
  void senddata();
../MDK-ARM/dxlora.h(11): warning:  #1-D: last line of file ends without a newline
  #endif
../Core/Src/main.c(132): warning:  #223-D: function "backdata" declared implicitly
        case 1: backdata();/*func_读取数值并且赋值给data，再通过串口发送回�?/flag =0;break;//
../Core/Src/main.c: 4 warnings, 0 errors
linking...
Program Size: Code=8392 RO-data=2816 RW-data=56 ZI-data=1928  
FromELF: creating hex file...
"oled_template\oled_template.axf" - 0 Error(s), 4 Warning(s).

<h2>Software Packages used:</h2>

Package Vendor: ARM
                http://www.keil.com/pack/ARM.CMSIS.4.2.0.pack
                ARM::CMSIS:CORE:3.40.0
                CMSIS (Cortex Microcontroller Software Interface Standard)
   * Component: CORE Version: 3.40.0

<h2>Collection of Component include folders:</h2>
  C:\Users\23775\Desktop\course design\lora\MDK-ARM\RTE
  C:\USER\workspace\KEIL\Keil_v5\ARM\PACK\ARM\CMSIS\4.2.0\CMSIS\Include
  C:\USER\workspace\KEIL\Keil_v5\ARM\PACK\Keil\STM32F1xx_DFP\1.0.5\Device\Include

<h2>Collection of Component Files used:</h2>

   * Component: ARM::CMSIS:CORE:3.40.0
      Source file:   CMSIS\UserCodeTemplates\ARM\ITM_Retarget.c
</pre>
</body>
</html>
